RAM Allocation
Variable                                                          Address   Size
--------------------------------------------------------------------------------
idle_callback                                                     0080h        2
data_callback                                                     0082h        2
of_state                                                          0084h        1
ss_state                                                          0085h        1
slave_address                                                     0086h        1
input_buffer                                                      0087h       16
input_buffer_length                                               0097h        1
output_buffer                                                     0098h       16
output_buffer_length                                              00A8h        1
output_buffer_current                                             00A9h        1
phy_send_buffer                                                   00AAh        1
phy_send_buffer_length                                            00ABh        1

EEPROM Allocation
Variable                                                          Address   Size
--------------------------------------------------------------------------------

Register Allocation
Variable                                                          Register  Size
--------------------------------------------------------------------------------
overflow_state_t                                                  R3           1
startstop_state_t                                                 R2           1
